// Jest Snapshot v1, https://goo.gl/fbAQLP

exports[`App component should render as expected 1`] = `
<BrowserRouter>
  <div>
    <ThemeProvider
      theme={
        Object {
          "PRIMARY": "#db7093",
          "WHITE": "#FFFFFF",
        }
      }
    >
      <Header />
    </ThemeProvider>
    <div
      className="divcontainer"
    >
      <ThemeProvider
        theme={
          Object {
            "PRIMARY": "#db7093",
            "WHITE": "#FFFFFF",
          }
        }
      >
        <Navigator />
      </ThemeProvider>
    </div>
  </div>
</BrowserRouter>
`;
